node.exe : - Generating browser application bundles (phase: setup)...
En C:\nvm4w\nodejs\npx.ps1: 16 Carácter: 5
+     & "$basedir/node$exe"  "$basedir/node_modules/npm/bin/npx-cli.js" ...
+     ~~~~~~~~~~~~~~~~~~~~~~~~~~~~~~~~~~~~~~~~~~~~~~~~~~~~~~~~~~~~~~~~~
    + CategoryInfo          : NotSpecified: (- Generating br...hase: setup)...:String) [], RemoteException
    + FullyQualifiedErrorId : NativeCommandError
 
ÔêÜ Browser application bundle generation complete.
[32m18 05 2026 22:59:16.807:INFO [karma-server]: [39mKarma v6.4.4 server started at http://localhost:9878/
[32m18 05 2026 22:59:16.814:INFO [launcher]: [39mLaunching browsers ChromeHeadless with concurrency unlimited
[32m18 05 2026 22:59:16.826:INFO [launcher]: [39mStarting browser ChromeHeadless
[32m18 05 2026 22:59:18.475:INFO [Chrome Headless 148.0.0.0 (Windows 10)]: [39mConnected on socket hUdzCt2LuGRH-NwRAAAB with id 50941798
Chrome Headless 148.0.0.0 (Windows 10): Executed 0 of 5[32m SUCCESS[39m (0 secs / 0 secs)
[1A[2K[31mChrome Headless 148.0.0.0 (Windows 10) LoginComponent should set error message on login failure FAILED[39m
	TypeError: Cannot read properties of undefined (reading 'root')
	    at Object.useFactory (node_modules/@angular/router/fesm2022/router_module-DTJgGWLd.mjs:944:31)
	    at Object.factory (node_modules/@angular/core/fesm2022/core.mjs:2385:38)
	    at callback (node_modules/@angular/core/fesm2022/core.mjs:2282:47)
	    at runInInjectorProfilerContext (node_modules/@angular/core/fesm2022/core.mjs:884:9)
	    at R3Injector.hydrate (node_modules/@angular/core/fesm2022/core.mjs:2281:21)
	    at R3Injector.get (node_modules/@angular/core/fesm2022/core.mjs:2149:33)
	    at R3Injector.get (node_modules/@angular/core/fesm2022/core.mjs:2159:33)
	    at ChainedInjector.get (node_modules/@angular/core/fesm2022/core.mjs:17415:36)
	    at lookupTokenUsingModuleInjector (node_modules/@angular/core/fesm2022/core.mjs:5081:39)
	    at getOrCreateInjectable (node_modules/@angular/core/fesm2022/core.mjs:5129:12)
Chrome Headless 148.0.0.0 (Windows 10): Executed 1 of 5[31m (1 FAILED)[39m (0 secs / 0.12 secs)
[1A[2K[31mChrome Headless 148.0.0.0 (Windows 10) LoginComponent should not submit if form is invalid FAILED[39m
	TypeError: Cannot read properties of undefined (reading 'root')
	    at Object.useFactory (node_modules/@angular/router/fesm2022/router_module-DTJgGWLd.mjs:944:31)
	    at Object.factory (node_modules/@angular/core/fesm2022/core.mjs:2385:38)
	    at callback (node_modules/@angular/core/fesm2022/core.mjs:2282:47)
	    at runInInjectorProfilerContext (node_modules/@angular/core/fesm2022/core.mjs:884:9)
	    at R3Injector.hydrate (node_modules/@angular/core/fesm2022/core.mjs:2281:21)
	    at R3Injector.get (node_modules/@angular/core/fesm2022/core.mjs:2149:33)
	    at R3Injector.get (node_modules/@angular/core/fesm2022/core.mjs:2159:33)
	    at ChainedInjector.get (node_modules/@angular/core/fesm2022/core.mjs:17415:36)
	    at lookupTokenUsingModuleInjector (node_modules/@angular/core/fesm2022/core.mjs:5081:39)
	    at getOrCreateInjectable (node_modules/@angular/core/fesm2022/core.mjs:5129:12)
Chrome Headless 148.0.0.0 (Windows 10): Executed 2 of 5[31m (2 FAILED)[39m (0 secs / 0.129 secs)
[1A[2K[31mChrome Headless 148.0.0.0 (Windows 10) LoginComponent should create FAILED[39m
	TypeError: Cannot read properties of undefined (reading 'root')
	    at Object.useFactory (node_modules/@angular/router/fesm2022/router_module-DTJgGWLd.mjs:944:31)
	    at Object.factory (node_modules/@angular/core/fesm2022/core.mjs:2385:38)
	    at callback (node_modules/@angular/core/fesm2022/core.mjs:2282:47)
	    at runInInjectorProfilerContext (node_modules/@angular/core/fesm2022/core.mjs:884:9)
	    at R3Injector.hydrate (node_modules/@angular/core/fesm2022/core.mjs:2281:21)
	    at R3Injector.get (node_modules/@angular/core/fesm2022/core.mjs:2149:33)
	    at R3Injector.get (node_modules/@angular/core/fesm2022/core.mjs:2159:33)
	    at ChainedInjector.get (node_modules/@angular/core/fesm2022/core.mjs:17415:36)
	    at lookupTokenUsingModuleInjector (node_modules/@angular/core/fesm2022/core.mjs:5081:39)
	    at getOrCreateInjectable (node_modules/@angular/core/fesm2022/core.mjs:5129:12)
Chrome Headless 148.0.0.0 (Windows 10): Executed 3 of 5[31m (3 FAILED)[39m (0 secs / 0.136 secs)
[1A[2K[31mChrome Headless 148.0.0.0 (Windows 10) LoginComponent should navigate to select-role if response has roles FAILED[39m
	TypeError: Cannot read properties of undefined (reading 'root')
	    at Object.useFactory (node_modules/@angular/router/fesm2022/router_module-DTJgGWLd.mjs:944:31)
	    at Object.factory (node_modules/@angular/core/fesm2022/core.mjs:2385:38)
	    at callback (node_modules/@angular/core/fesm2022/core.mjs:2282:47)
	    at runInInjectorProfilerContext (node_modules/@angular/core/fesm2022/core.mjs:884:9)
	    at R3Injector.hydrate (node_modules/@angular/core/fesm2022/core.mjs:2281:21)
	    at R3Injector.get (node_modules/@angular/core/fesm2022/core.mjs:2149:33)
	    at R3Injector.get (node_modules/@angular/core/fesm2022/core.mjs:2159:33)
	    at ChainedInjector.get (node_modules/@angular/core/fesm2022/core.mjs:17415:36)
	    at lookupTokenUsingModuleInjector (node_modules/@angular/core/fesm2022/core.mjs:5081:39)
	    at getOrCreateInjectable (node_modules/@angular/core/fesm2022/core.mjs:5129:12)
Chrome Headless 148.0.0.0 (Windows 10): Executed 4 of 5[31m (4 FAILED)[39m (0 secs / 0.142 secs)
[1A[2K[31mChrome Headless 148.0.0.0 (Windows 10) LoginComponent should navigate to dashboard if response only has token FAILED[39m
	TypeError: Cannot read properties of undefined (reading 'root')
	    at Object.useFactory (node_modules/@angular/router/fesm2022/router_module-DTJgGWLd.mjs:944:31)
	    at Object.factory (node_modules/@angular/core/fesm2022/core.mjs:2385:38)
	    at callback (node_modules/@angular/core/fesm2022/core.mjs:2282:47)
	    at runInInjectorProfilerContext (node_modules/@angular/core/fesm2022/core.mjs:884:9)
	    at R3Injector.hydrate (node_modules/@angular/core/fesm2022/core.mjs:2281:21)
	    at R3Injector.get (node_modules/@angular/core/fesm2022/core.mjs:2149:33)
	    at R3Injector.get (node_modules/@angular/core/fesm2022/core.mjs:2159:33)
	    at ChainedInjector.get (node_modules/@angular/core/fesm2022/core.mjs:17415:36)
	    at lookupTokenUsingModuleInjector (node_modules/@angular/core/fesm2022/core.mjs:5081:39)
	    at getOrCreateInjectable (node_modules/@angular/core/fesm2022/core.mjs:5129:12)
Chrome Headless 148.0.0.0 (Windows 10): Executed 5 of 5[31m (5 FAILED)[39m (0 secs / 0.148 secs)
[1A[2KChrome Headless 148.0.0.0 (Windows 10): Executed 5 of 5[31m (5 FAILED)[39m (0.169 secs / 0.148 secs)
[31mTOTAL: 5 FAILED, 0 SUCCESS[39m
ÔêÜ Browser application bundle generation complete.
ÔêÜ Browser application bundle generation complete.
